// Jest Snapshot v1, https://goo.gl/fbAQLP

exports[`TrendingScreen render correctly 1`] = `
<View>
  <Text>
    TrendingScreen
  </Text>
</View>
`;
